../Core/Src/main.c:75:5:_write	24	static
../Core/Src/main.c:87:5:_read	24	static
../Core/Src/main.c:88:5:_fstat	16	static
../Core/Src/main.c:89:5:_isatty	16	static
../Core/Src/main.c:90:5:_lseek	24	static
../Core/Src/main.c:91:5:_close	16	static
../Core/Src/main.c:106:5:main	56	static
../Core/Src/main.c:216:6:SystemClock_Config	72	static
../Core/Src/main.c:253:13:MX_SPI1_Init	8	static
../Core/Src/main.c:293:13:MX_USART2_UART_Init	8	static
../Core/Src/main.c:328:13:MX_GPIO_Init	40	static
../Core/Src/main.c:376:6:Error_Handler	4	static,ignoring_inline_asm
